MPLINK 4.49, Linker
Linker Map File - Created Fri Jul 07 18:38:31 2023

                                 Section Info
                  Section       Type    Address   Location Size(Bytes)
                ---------  ---------  ---------  ---------  ---------
                   .org_0       code   0x000000    program   0x000000
                   .org_1       code   0x000000    program   0x000002
                   .org_2       code   0x000005    program   0x0000da



                              Program Memory Usage 
                               Start         End      
                           ---------   ---------      
                            0x000000    0x000000      
                            0x000005    0x000071      
            110 out of 8454 program addresses used, program memory utilization is 1%



                              Symbols - Sorted by Name
                     Name    Address   Location    Storage File                     
                ---------  ---------  ---------  --------- ---------                
              LCD_command   0x00005c    program     static D:\College\Microcontroladores\PIC16F877A\myname\myname.asm
                 LCD_init   0x000050    program     static D:\College\Microcontroladores\PIC16F877A\myname\myname.asm
                LCD_line2   0x000065    program     static D:\College\Microcontroladores\PIC16F877A\myname\myname.asm
                 LCD_send   0x000062    program     static D:\College\Microcontroladores\PIC16F877A\myname\myname.asm
                    delay   0x000069    program     static D:\College\Microcontroladores\PIC16F877A\myname\myname.asm
                     init   0x000005    program     static D:\College\Microcontroladores\PIC16F877A\myname\myname.asm
                     loop   0x00006b    program     static D:\College\Microcontroladores\PIC16F877A\myname\myname.asm
                    loop2   0x00006d    program     static D:\College\Microcontroladores\PIC16F877A\myname\myname.asm
                message_1   0x000011    program     static D:\College\Microcontroladores\PIC16F877A\myname\myname.asm
                message_2   0x000040    program     static D:\College\Microcontroladores\PIC16F877A\myname\myname.asm
                    start   0x00000c    program     static D:\College\Microcontroladores\PIC16F877A\myname\myname.asm



                              Symbols - Sorted by Address
                     Name    Address   Location    Storage File                     
                ---------  ---------  ---------  --------- ---------                
                     init   0x000005    program     static D:\College\Microcontroladores\PIC16F877A\myname\myname.asm
                    start   0x00000c    program     static D:\College\Microcontroladores\PIC16F877A\myname\myname.asm
                message_1   0x000011    program     static D:\College\Microcontroladores\PIC16F877A\myname\myname.asm
                message_2   0x000040    program     static D:\College\Microcontroladores\PIC16F877A\myname\myname.asm
                 LCD_init   0x000050    program     static D:\College\Microcontroladores\PIC16F877A\myname\myname.asm
              LCD_command   0x00005c    program     static D:\College\Microcontroladores\PIC16F877A\myname\myname.asm
                 LCD_send   0x000062    program     static D:\College\Microcontroladores\PIC16F877A\myname\myname.asm
                LCD_line2   0x000065    program     static D:\College\Microcontroladores\PIC16F877A\myname\myname.asm
                    delay   0x000069    program     static D:\College\Microcontroladores\PIC16F877A\myname\myname.asm
                     loop   0x00006b    program     static D:\College\Microcontroladores\PIC16F877A\myname\myname.asm
                    loop2   0x00006d    program     static D:\College\Microcontroladores\PIC16F877A\myname\myname.asm


