MPLINK 4.49, Linker
Linker Map File - Created Sat Jul 15 19:06:12 2023

                                 Section Info
                  Section       Type    Address   Location Size(Bytes)
                ---------  ---------  ---------  ---------  ---------
                   .org_0       code   0x000000    program   0x000032



                              Program Memory Usage 
                               Start         End      
                           ---------   ---------      
                            0x000000    0x000018      
            25 out of 1094 program addresses used, program memory utilization is 2%



                              Symbols - Sorted by Name
                     Name    Address   Location    Storage File                     
                ---------  ---------  ---------  --------- ---------                
                     main   0x000006    program     static D:\College\Microcontroladores\assembler\PIC16F84A\call_y_return\main.asm
                 turnoff1   0x000015    program     static D:\College\Microcontroladores\assembler\PIC16F84A\call_y_return\main.asm
                 turnoff2   0x000017    program     static D:\College\Microcontroladores\assembler\PIC16F84A\call_y_return\main.asm
            turnoffglobal   0x000010    program     static D:\College\Microcontroladores\assembler\PIC16F84A\call_y_return\main.asm
                  turnon1   0x00000c    program     static D:\College\Microcontroladores\assembler\PIC16F84A\call_y_return\main.asm
                  turnon2   0x00000e    program     static D:\College\Microcontroladores\assembler\PIC16F84A\call_y_return\main.asm



                              Symbols - Sorted by Address
                     Name    Address   Location    Storage File                     
                ---------  ---------  ---------  --------- ---------                
                     main   0x000006    program     static D:\College\Microcontroladores\assembler\PIC16F84A\call_y_return\main.asm
                  turnon1   0x00000c    program     static D:\College\Microcontroladores\assembler\PIC16F84A\call_y_return\main.asm
                  turnon2   0x00000e    program     static D:\College\Microcontroladores\assembler\PIC16F84A\call_y_return\main.asm
            turnoffglobal   0x000010    program     static D:\College\Microcontroladores\assembler\PIC16F84A\call_y_return\main.asm
                 turnoff1   0x000015    program     static D:\College\Microcontroladores\assembler\PIC16F84A\call_y_return\main.asm
                 turnoff2   0x000017    program     static D:\College\Microcontroladores\assembler\PIC16F84A\call_y_return\main.asm


