MPLINK 4.49, Linker
Linker Map File - Created Fri Jul 07 17:45:04 2023

                                 Section Info
                  Section       Type    Address   Location Size(Bytes)
                ---------  ---------  ---------  ---------  ---------
                   .org_0       code   0x000000    program   0x000000
                   .org_1       code   0x000000    program   0x00003e



                              Program Memory Usage 
                               Start         End      
                           ---------   ---------      
                            0x000000    0x00001e      
            31 out of 1094 program addresses used, program memory utilization is 2%



                              Symbols - Sorted by Name
                     Name    Address   Location    Storage File                     
                ---------  ---------  ---------  --------- ---------                
                    TABLE   0x000014    program     static D:\College\Microcontroladores\PIC16F84A\numbers\numbers.asm
                     loop   0x000007    program     static D:\College\Microcontroladores\PIC16F84A\numbers\numbers.asm
                     pul1   0x000007    program     static D:\College\Microcontroladores\PIC16F84A\numbers\numbers.asm
                     pul2   0x000009    program     static D:\College\Microcontroladores\PIC16F84A\numbers\numbers.asm



                              Symbols - Sorted by Address
                     Name    Address   Location    Storage File                     
                ---------  ---------  ---------  --------- ---------                
                     loop   0x000007    program     static D:\College\Microcontroladores\PIC16F84A\numbers\numbers.asm
                     pul1   0x000007    program     static D:\College\Microcontroladores\PIC16F84A\numbers\numbers.asm
                     pul2   0x000009    program     static D:\College\Microcontroladores\PIC16F84A\numbers\numbers.asm
                    TABLE   0x000014    program     static D:\College\Microcontroladores\PIC16F84A\numbers\numbers.asm


