MPLINK 4.49, Linker
Linker Map File - Created Wed Jul 26 01:08:11 2023

                                 Section Info
                  Section       Type    Address   Location Size(Bytes)
                ---------  ---------  ---------  ---------  ---------
                   .org_0       code   0x000000    program   0x000000
                   .org_1       code   0x000000    program   0x000002
                   .org_2       code   0x000004    program   0x000038



                              Program Memory Usage 
                               Start         End      
                           ---------   ---------      
                            0x000000    0x000000      
                            0x000004    0x00001f      
            29 out of 8454 program addresses used, program memory utilization is 0%



                              Symbols - Sorted by Name
                     Name    Address   Location    Storage File                     
                ---------  ---------  ---------  --------- ---------                
                  int_end   0x00001e    program     static D:\College\Microcontroladores\assembler\PIC16F877A\timer0\main.asm
                     main   0x000005    program     static D:\College\Microcontroladores\assembler\PIC16F877A\timer0\main.asm
                    start   0x000015    program     static D:\College\Microcontroladores\assembler\PIC16F877A\timer0\main.asm
                 tmr0_int   0x000016    program     static D:\College\Microcontroladores\assembler\PIC16F877A\timer0\main.asm
                 turn_off   0x00001d    program     static D:\College\Microcontroladores\assembler\PIC16F877A\timer0\main.asm



                              Symbols - Sorted by Address
                     Name    Address   Location    Storage File                     
                ---------  ---------  ---------  --------- ---------                
                     main   0x000005    program     static D:\College\Microcontroladores\assembler\PIC16F877A\timer0\main.asm
                    start   0x000015    program     static D:\College\Microcontroladores\assembler\PIC16F877A\timer0\main.asm
                 tmr0_int   0x000016    program     static D:\College\Microcontroladores\assembler\PIC16F877A\timer0\main.asm
                 turn_off   0x00001d    program     static D:\College\Microcontroladores\assembler\PIC16F877A\timer0\main.asm
                  int_end   0x00001e    program     static D:\College\Microcontroladores\assembler\PIC16F877A\timer0\main.asm


