MPASM  5.51                         COPIA.ASM   7-25-2023  22:00:16         PAGE  1


LOC  OBJECT CODE     LINE SOURCE TEXT
  VALUE

                      00001 ; Configuración del PIC 16F877A
Warning[205]: Found directive in column 1. (list)
                      00002 list p=16F877A
Warning[205]: Found directive in column 1. (include)
                      00003 include <p16F877A.inc>
                      00001         LIST
                      00002 
                      00003 ;==========================================================================
                      00004 ;  MPASM PIC16F877A processor include
                      00005 ; 
                      00006 ;  (c) Copyright 1999-2013 Microchip Technology, All rights reserved
                      00007 ;==========================================================================
                      00008 
                      00566         LIST
                      00004 
                      00005 
                      00006 ; Definición de registros
Warning[205]: Found directive in column 1. (cblock)
                      00007 cblock 0x0C
  0000000C            00008     contador
  0000000D            00009     segundos
  0000000E            00010     minutos
  0000000F            00011     horas
  00000010            00012     unidades
  00000011            00013     decenas
Warning[205]: Found directive in column 1. (ENDC)
                      00014 endc
                      00015 
                      00016 ; Inicialización del PIC
Warning[205]: Found directive in column 1. (org)
0000                  00017 org 0x00
0000   2838           00018     goto Inicio
                      00019 
                      00020 ; Función para transformar un dígito decimal a su representación en el display de 7 segmentos
                      00021 ; Parámetro: Registro WREG, Devuelve: Registro WREG
0001                  00022 Bin2_7seg:
                      00023     ; Tabla de conversión de dígitos a códigos de 7 segmentos
                      00024     ; Los valores de la tabla deben estar en el orden de 0, 1, 2, ..., 9
                      00025     ; Asegúrate de que los valores sean correctos para tu tipo de display de 7 segmentos
0001   303F           00026     movlw 0x3F   ; 0 en código de 7 segmentos
Warning[207]: Found label after column 1. (cpfseq)
Error[122]  : Illegal opcode (WREG)
0001   303F           00027     cpfseq WREG
0002   0008           00028     return
                      00029 
0003   3006           00030     movlw 0x06   ; 1 en código de 7 segmentos
Warning[207]: Found label after column 1. (cpfseq)
Error[122]  : Illegal opcode (WREG)
0003   3006           00031     cpfseq WREG
0004   0008           00032     return
                      00033 
0005   305B           00034     movlw 0x5B   ; 2 en código de 7 segmentos
Warning[207]: Found label after column 1. (cpfseq)
MPASM  5.51                         COPIA.ASM   7-25-2023  22:00:16         PAGE  2


LOC  OBJECT CODE     LINE SOURCE TEXT
  VALUE

Error[122]  : Illegal opcode (WREG)
0005   305B           00035     cpfseq WREG
0006   0008           00036     return
                      00037 
0007   304F           00038     movlw 0x4F   ; 3 en código de 7 segmentos
Warning[207]: Found label after column 1. (cpfseq)
Error[122]  : Illegal opcode (WREG)
0007   304F           00039     cpfseq WREG
0008   0008           00040     return
                      00041 
0009   3066           00042     movlw 0x66   ; 4 en código de 7 segmentos
Warning[207]: Found label after column 1. (cpfseq)
Error[122]  : Illegal opcode (WREG)
0009   3066           00043     cpfseq WREG
000A   0008           00044     return
                      00045 
000B   306D           00046     movlw 0x6D   ; 5 en código de 7 segmentos
Warning[207]: Found label after column 1. (cpfseq)
Error[122]  : Illegal opcode (WREG)
000B   306D           00047     cpfseq WREG
000C   0008           00048     return
                      00049 
000D   307D           00050     movlw 0x7D   ; 6 en código de 7 segmentos
Warning[207]: Found label after column 1. (cpfseq)
Error[122]  : Illegal opcode (WREG)
000D   307D           00051     cpfseq WREG
000E   0008           00052     return
                      00053 
000F   3007           00054     movlw 0x07   ; 7 en código de 7 segmentos
Warning[207]: Found label after column 1. (cpfseq)
Error[122]  : Illegal opcode (WREG)
000F   3007           00055     cpfseq WREG
0010   0008           00056     return
                      00057 
0011   307F           00058     movlw 0x7F   ; 8 en código de 7 segmentos
Warning[207]: Found label after column 1. (cpfseq)
Error[122]  : Illegal opcode (WREG)
0011   307F           00059     cpfseq WREG
0012   0008           00060     return
                      00061 
0013   3067           00062     movlw 0x67   ; 9 en código de 7 segmentos
Warning[207]: Found label after column 1. (cpfseq)
Error[122]  : Illegal opcode (WREG)
0013   3067           00063     cpfseq WREG
0014   0008           00064     return
                      00065 
                      00066     ; Si WREG no coincide con ningún dígito (0 a 9), retorna 0xFF para mostrar un segmento apagado
0015   30FF           00067     movlw 0xFF
0016   0008           00068     return
0017                  00069 EndBin2_7seg:
                      00070 
                      00071 ; Rutina para esperar un pequeño retardo
0017                  00072 EsperarRetardo:
MPASM  5.51                         COPIA.ASM   7-25-2023  22:00:16         PAGE  3


LOC  OBJECT CODE     LINE SOURCE TEXT
  VALUE

0017   3064           00073     movlw D'100'
0018   201A           00074     call EsperarRetardoLoop
0019   0008           00075     return
                      00076 
001A                  00077 EsperarRetardoLoop:
Error[113]  : Symbol not previously defined (WREG)
001A   0B80           00078     decfsz WREG, F
001B   281A           00079     goto EsperarRetardoLoop
001C   0008           00080     return
                      00081 
                      00082 ; Rutina de interrupción del Timer0 para el reloj
001D                  00083 ISR:
001D   3061           00084     movlw 61   ; Valor inicial del TMR0 para interrupción cada 50 ms
001E   0081           00085     movwf TMR0
001F   0A8C           00086     incf contador, F
                      00087 
0020   3020           00088     movlw 20   ; Aproximadamente 1 segundo (20 x 50 ms)
0021   020C           00089     subwf contador, W
0022   1D03           00090     btfss STATUS, Z
0023   0008           00091     return
                      00092 
0024   018C           00093     clrf contador   ; Reiniciar contador cada segundo
                      00094 
0025   0A8D           00095     incf segundos, F
0026   3060           00096     movlw 60
0027   020D           00097     subwf segundos, W
0028   1D03           00098     btfss STATUS, Z
0029   0008           00099     return
                      00100 
002A   018D           00101     clrf segundos
                      00102 
002B   0A8E           00103     incf minutos, F
002C   3060           00104     movlw 60
002D   020E           00105     subwf minutos, W
002E   1D03           00106     btfss STATUS, Z
002F   0008           00107     return
                      00108 
0030   018E           00109     clrf minutos
                      00110 
0031   0A8F           00111     incf horas, F
0032   3024           00112     movlw 24
0033   020F           00113     subwf horas, W
0034   1D03           00114     btfss STATUS, Z
0035   0008           00115     return
                      00116 
0036   018F           00117     clrf horas
0037   0008           00118     return
                      00119 
                      00120 ; Inicio del programa principal
0038                  00121 Inicio:
                      00122     ; Configuración de puertos y registros
0038   1683           00123     bsf STATUS, RP0   ; Seleccionar el banco 1 de registros
Message[302]: Register in operand not in bank 0.  Ensure that bank bits are correct.
MPASM  5.51                         COPIA.ASM   7-25-2023  22:00:16         PAGE  4


LOC  OBJECT CODE     LINE SOURCE TEXT
  VALUE

0039   0185           00124     clrf TRISA        ; Puerto A como salida
003A   3080           00125     movlw 0x80
Message[302]: Register in operand not in bank 0.  Ensure that bank bits are correct.
003B   0086           00126     movwf TRISB       ; RB7 como entrada, RB<6:0> como salidas
003C   3080           00127     movlw 0x80
Message[302]: Register in operand not in bank 0.  Ensure that bank bits are correct.
003D   0087           00128     movwf TRISC       ; RC7 como entrada, RC<6:0> como salidas
Message[302]: Register in operand not in bank 0.  Ensure that bank bits are correct.
003E   0188           00129     clrf TRISD        ; Puerto D como salida
003F   1283           00130     bcf STATUS, RP0   ; Volver al banco 0 de registros
                      00131 
0040   018C           00132     clrf contador
0041   018D           00133     clrf segundos
0042   018E           00134     clrf minutos
0043   018F           00135     clrf horas
0044   0190           00136     clrf unidades
0045   0191           00137     clrf decenas
                      00138 
0046   3000           00139     movlw 0x00
0047   0085           00140     movwf PORTA
0048   0086           00141     movwf PORTB
0049   0087           00142     movwf PORTC
004A   0088           00143     movwf PORTD
                      00144 
                      00145     ; Configuración del Timer0
004B   3067           00146     movlw 0x67   ; 4 MHz de frecuencia de oscilador, prescaler 1:256
Message[302]: Register in operand not in bank 0.  Ensure that bank bits are correct.
004C   0081           00147     movwf OPTION_REG
                      00148 
                      00149     ; Habilitar interrupciones globales y la interrupción del Timer0
004D   178B           00150     bsf INTCON, GIE
004E   168B           00151     bsf INTCON, T0IE
                      00152 
004F                  00153 BuclePrincipal:
                      00154     ; Leer el estado de RB7 para activar/desactivar el reloj
004F   1B86           00155     btfsc PORTB, 7
0050   285C           00156     goto RelojDesactivado
                      00157 
                      00158     ; Reloj activado, mostrar la hora en los displays
Error[113]  : Symbol not previously defined (WREG)
0051   080F           00159     movf horas, WREG
0052   2001           00160     call Bin2_7seg
0053   0085           00161     movwf PORTA
                      00162 
Error[113]  : Symbol not previously defined (WREG)
0054   080E           00163     movf minutos, WREG
0055   2001           00164     call Bin2_7seg
0056   0087           00165     movwf PORTC
                      00166 
Error[113]  : Symbol not previously defined (WREG)
0057   080D           00167     movf segundos, WREG
0058   2001           00168     call Bin2_7seg
0059   0088           00169     movwf PORTD
MPASM  5.51                         COPIA.ASM   7-25-2023  22:00:16         PAGE  5


LOC  OBJECT CODE     LINE SOURCE TEXT
  VALUE

                      00170 
                      00171     ; Esperar 1 segundo
005A   2017           00172     call EsperarRetardo
                      00173 
005B   284F           00174     goto BuclePrincipal
                      00175 
005C                  00176 RelojDesactivado:
                      00177     ; Reloj desactivado, apagar los displays
005C   0185           00178     clrf PORTA
005D   0187           00179     clrf PORTC
005E   0188           00180     clrf PORTD
                      00181 
005F   284F           00182     goto BuclePrincipal
                      00183 
                      00184 ; Fin del programa
Warning[205]: Found directive in column 1. (end)
                      00185 end
MPASM  5.51                         COPIA.ASM   7-25-2023  22:00:16         PAGE  6


SYMBOL TABLE
  LABEL                             VALUE 

ACKDT                             00000005
ACKEN                             00000004
ACKSTAT                           00000006
ADCON0                            0000001F
ADCON1                            0000009F
ADCS0                             00000006
ADCS1                             00000007
ADCS2                             00000006
ADDEN                             00000003
ADFM                              00000007
ADIE                              00000006
ADIF                              00000006
ADON                              00000000
ADRESH                            0000001E
ADRESL                            0000009E
BCLIE                             00000003
BCLIF                             00000003
BF                                00000000
BRGH                              00000002
Bin2_7seg                         00000001
BuclePrincipal                    0000004F
C                                 00000000
C1INV                             00000004
C1OUT                             00000006
C2INV                             00000005
C2OUT                             00000007
CCP1CON                           00000017
CCP1IE                            00000002
CCP1IF                            00000002
CCP1M0                            00000000
CCP1M1                            00000001
CCP1M2                            00000002
CCP1M3                            00000003
CCP1X                             00000005
CCP1Y                             00000004
CCP2CON                           0000001D
CCP2IE                            00000000
CCP2IF                            00000000
CCP2M0                            00000000
CCP2M1                            00000001
CCP2M2                            00000002
CCP2M3                            00000003
CCP2X                             00000005
CCP2Y                             00000004
CCPR1                             00000015
CCPR1H                            00000016
CCPR1L                            00000015
CCPR2                             0000001B
CCPR2H                            0000001C
CCPR2L                            0000001B
CHS0                              00000003
CHS1                              00000004
CHS2                              00000005
MPASM  5.51                         COPIA.ASM   7-25-2023  22:00:16         PAGE  7


SYMBOL TABLE
  LABEL                             VALUE 

CIS                               00000003
CKE                               00000006
CKP                               00000004
CM0                               00000000
CM1                               00000001
CM2                               00000002
CMCON                             0000009C
CMIE                              00000006
CMIF                              00000006
CREN                              00000004
CSRC                              00000007
CVR0                              00000000
CVR1                              00000001
CVR2                              00000002
CVR3                              00000003
CVRCON                            0000009D
CVREN                             00000007
CVROE                             00000006
CVRR                              00000005
D                                 00000005
DATA_ADDRESS                      00000005
DC                                00000001
D_A                               00000005
D_NOT_A                           00000005
EEADR                             0000010D
EEADRH                            0000010F
EECON1                            0000018C
EECON2                            0000018D
EEDATA                            0000010C
EEDATH                            0000010E
EEIE                              00000004
EEIF                              00000004
EEPGD                             00000007
EndBin2_7seg                      00000017
EsperarRetardo                    00000017
EsperarRetardoLoop                0000001A
F                                 00000001
FERR                              00000002
FSR                               00000004
GCEN                              00000007
GIE                               00000007
GO                                00000002
GO_DONE                           00000002
GO_NOT_DONE                       00000002
I2C_DATA                          00000005
I2C_READ                          00000002
I2C_START                         00000003
I2C_STOP                          00000004
IBF                               00000007
IBOV                              00000005
INDF                              00000000
INTCON                            0000000B
INTE                              00000004
MPASM  5.51                         COPIA.ASM   7-25-2023  22:00:16         PAGE  8


SYMBOL TABLE
  LABEL                             VALUE 

INTEDG                            00000006
INTF                              00000001
IRP                               00000007
ISR                               0000001D
Inicio                            00000038
NOT_A                             00000005
NOT_ADDRESS                       00000005
NOT_BO                            00000000
NOT_BOR                           00000000
NOT_DONE                          00000002
NOT_PD                            00000003
NOT_POR                           00000001
NOT_RBPU                          00000007
NOT_RC8                           00000006
NOT_T1SYNC                        00000002
NOT_TO                            00000004
NOT_TX8                           00000006
NOT_W                             00000002
NOT_WRITE                         00000002
OBF                               00000006
OERR                              00000001
OPTION_REG                        00000081
P                                 00000004
PCFG0                             00000000
PCFG1                             00000001
PCFG2                             00000002
PCFG3                             00000003
PCL                               00000002
PCLATH                            0000000A
PCON                              0000008E
PEIE                              00000006
PEN                               00000002
PIE1                              0000008C
PIE2                              0000008D
PIR1                              0000000C
PIR2                              0000000D
PORTA                             00000005
PORTB                             00000006
PORTC                             00000007
PORTD                             00000008
PORTE                             00000009
PR2                               00000092
PS0                               00000000
PS1                               00000001
PS2                               00000002
PSA                               00000003
PSPIE                             00000007
PSPIF                             00000007
PSPMODE                           00000004
R                                 00000002
RA0                               00000000
RA1                               00000001
RA2                               00000002
MPASM  5.51                         COPIA.ASM   7-25-2023  22:00:16         PAGE  9


SYMBOL TABLE
  LABEL                             VALUE 

RA3                               00000003
RA4                               00000004
RA5                               00000005
RB0                               00000000
RB1                               00000001
RB2                               00000002
RB3                               00000003
RB4                               00000004
RB5                               00000005
RB6                               00000006
RB7                               00000007
RBIE                              00000003
RBIF                              00000000
RC0                               00000000
RC1                               00000001
RC2                               00000002
RC3                               00000003
RC4                               00000004
RC5                               00000005
RC6                               00000006
RC7                               00000007
RC8_9                             00000006
RC9                               00000006
RCD8                              00000000
RCEN                              00000003
RCIE                              00000005
RCIF                              00000005
RCREG                             0000001A
RCSTA                             00000018
RD                                00000000
RD0                               00000000
RD1                               00000001
RD2                               00000002
RD3                               00000003
RD4                               00000004
RD5                               00000005
RD6                               00000006
RD7                               00000007
RE0                               00000000
RE1                               00000001
RE2                               00000002
READ_WRITE                        00000002
RP0                               00000005
RP1                               00000006
RSEN                              00000001
RX9                               00000006
RX9D                              00000000
R_NOT_W                           00000002
R_W                               00000002
RelojDesactivado                  0000005C
S                                 00000003
SEN                               00000000
SMP                               00000007
MPASM  5.51                         COPIA.ASM   7-25-2023  22:00:16         PAGE 10


SYMBOL TABLE
  LABEL                             VALUE 

SPBRG                             00000099
SPEN                              00000007
SREN                              00000005
SSPADD                            00000093
SSPBUF                            00000013
SSPCON                            00000014
SSPCON2                           00000091
SSPEN                             00000005
SSPIE                             00000003
SSPIF                             00000003
SSPM0                             00000000
SSPM1                             00000001
SSPM2                             00000002
SSPM3                             00000003
SSPOV                             00000006
SSPSTAT                           00000094
STATUS                            00000003
SYNC                              00000004
T0CS                              00000005
T0IE                              00000005
T0IF                              00000002
T0SE                              00000004
T1CKPS0                           00000004
T1CKPS1                           00000005
T1CON                             00000010
T1INSYNC                          00000002
T1OSCEN                           00000003
T1SYNC                            00000002
T2CKPS0                           00000000
T2CKPS1                           00000001
T2CON                             00000012
TMR0                              00000001
TMR0IE                            00000005
TMR0IF                            00000002
TMR1                              0000000E
TMR1CS                            00000001
TMR1H                             0000000F
TMR1IE                            00000000
TMR1IF                            00000000
TMR1L                             0000000E
TMR1ON                            00000000
TMR2                              00000011
TMR2IE                            00000001
TMR2IF                            00000001
TMR2ON                            00000002
TOUTPS0                           00000003
TOUTPS1                           00000004
TOUTPS2                           00000005
TOUTPS3                           00000006
TRISA                             00000085
TRISA0                            00000000
TRISA1                            00000001
TRISA2                            00000002
MPASM  5.51                         COPIA.ASM   7-25-2023  22:00:16         PAGE 11


SYMBOL TABLE
  LABEL                             VALUE 

TRISA3                            00000003
TRISA4                            00000004
TRISA5                            00000005
TRISB                             00000086
TRISB0                            00000000
TRISB1                            00000001
TRISB2                            00000002
TRISB3                            00000003
TRISB4                            00000004
TRISB5                            00000005
TRISB6                            00000006
TRISB7                            00000007
TRISC                             00000087
TRISC0                            00000000
TRISC1                            00000001
TRISC2                            00000002
TRISC3                            00000003
TRISC4                            00000004
TRISC5                            00000005
TRISC6                            00000006
TRISC7                            00000007
TRISD                             00000088
TRISD0                            00000000
TRISD1                            00000001
TRISD2                            00000002
TRISD3                            00000003
TRISD4                            00000004
TRISD5                            00000005
TRISD6                            00000006
TRISD7                            00000007
TRISE                             00000089
TRISE0                            00000000
TRISE1                            00000001
TRISE2                            00000002
TRMT                              00000001
TX8_9                             00000006
TX9                               00000006
TX9D                              00000000
TXD8                              00000000
TXEN                              00000005
TXIE                              00000004
TXIF                              00000004
TXREG                             00000019
TXSTA                             00000098
UA                                00000001
W                                 00000000
WCOL                              00000007
WR                                00000001
WREN                              00000002
WRERR                             00000003
Z                                 00000002
_BODEN_OFF                        00003FBF
_BODEN_ON                         00003FFF
MPASM  5.51                         COPIA.ASM   7-25-2023  22:00:16         PAGE 12


SYMBOL TABLE
  LABEL                             VALUE 

_BOREN_OFF                        00003FBF
_BOREN_ON                         00003FFF
_CONFIG                           00002007
_CPD_OFF                          00003FFF
_CPD_ON                           00003EFF
_CP_ALL                           00001FFF
_CP_OFF                           00003FFF
_CP_ON                            00001FFF
_DEBUG_OFF                        00003FFF
_DEBUG_ON                         000037FF
_DEVID1                           00002006
_FOSC_EXTRC                       00003FFF
_FOSC_HS                          00003FFE
_FOSC_LP                          00003FFC
_FOSC_XT                          00003FFD
_HS_OSC                           00003FFE
_IDLOC0                           00002000
_IDLOC1                           00002001
_IDLOC2                           00002002
_IDLOC3                           00002003
_LP_OSC                           00003FFC
_LVP_OFF                          00003F7F
_LVP_ON                           00003FFF
_PWRTE_OFF                        00003FFF
_PWRTE_ON                         00003FF7
_RC_OSC                           00003FFF
_WDTE_OFF                         00003FFB
_WDTE_ON                          00003FFF
_WDT_OFF                          00003FFB
_WDT_ON                           00003FFF
_WRT_1FOURTH                      00003BFF
_WRT_256                          00003DFF
_WRT_HALF                         000039FF
_WRT_OFF                          00003FFF
_XT_OSC                           00003FFD
__16F877A                         00000001
contador                          0000000C
decenas                           00000011
horas                             0000000F
minutos                           0000000E
segundos                          0000000D
unidades                          00000010
MPASM  5.51                         COPIA.ASM   7-25-2023  22:00:16         PAGE 13


MEMORY USAGE MAP ('X' = Used,  '-' = Unused)


0000 : XXXXXXXXXXXXXXXX XXXXXXXXXXXXXXXX XXXXXXXXXXXXXXXX XXXXXXXXXXXXXXXX
0040 : XXXXXXXXXXXXXXXX XXXXXXXXXXXXXXXX ---------------- ----------------

All other memory blocks unused.

Program Memory Words Used:    96
Program Memory Words Free:  8096


Errors   :    14
Warnings :    16 reported,     0 suppressed
Messages :     5 reported,     0 suppressed

