MPLINK 4.49, Linker
Linker Map File - Created Wed Jul 26 00:23:13 2023

                                 Section Info
                  Section       Type    Address   Location Size(Bytes)
                ---------  ---------  ---------  ---------  ---------
                   .org_0       code   0x000000    program   0x000000
                   .org_1       code   0x000000    program   0x00007a



                              Program Memory Usage 
                               Start         End      
                           ---------   ---------      
                            0x000000    0x00003c      
            61 out of 8454 program addresses used, program memory utilization is 0%



                              Symbols - Sorted by Name
                     Name    Address   Location    Storage File                     
                ---------  ---------  ---------  --------- ---------                
             bin2_display   0x000027    program     static D:\College\Microcontroladores\assembler\proyecto\main.asm
         bin2_display_RE0   0x000032    program     static D:\College\Microcontroladores\assembler\proyecto\main.asm
                clock_off   0x000021    program     static D:\College\Microcontroladores\assembler\proyecto\main.asm
          display_minutes   0x00001c    program     static D:\College\Microcontroladores\assembler\proyecto\main.asm
         display_minutes2   0x00001d    program     static D:\College\Microcontroladores\assembler\proyecto\main.asm
                     main   0x000001    program     static D:\College\Microcontroladores\assembler\proyecto\main.asm
                main_loop   0x00001a    program     static D:\College\Microcontroladores\assembler\proyecto\main.asm



                              Symbols - Sorted by Address
                     Name    Address   Location    Storage File                     
                ---------  ---------  ---------  --------- ---------                
                     main   0x000001    program     static D:\College\Microcontroladores\assembler\proyecto\main.asm
                main_loop   0x00001a    program     static D:\College\Microcontroladores\assembler\proyecto\main.asm
          display_minutes   0x00001c    program     static D:\College\Microcontroladores\assembler\proyecto\main.asm
         display_minutes2   0x00001d    program     static D:\College\Microcontroladores\assembler\proyecto\main.asm
                clock_off   0x000021    program     static D:\College\Microcontroladores\assembler\proyecto\main.asm
             bin2_display   0x000027    program     static D:\College\Microcontroladores\assembler\proyecto\main.asm
         bin2_display_RE0   0x000032    program     static D:\College\Microcontroladores\assembler\proyecto\main.asm


